Was habbe se denn? - Abitur!
parser_test.go:1:8:
1 | package ctxerr
  |        ^
