shrug
parser_test.go:1:
1 | package ctxerr
  | ^^^^^^^^^^^^^^
