Missing semicolon
parser_test.go:1:15:
1 | package ctxerr
  |               ^
